<?xml version="1.0" encoding="utf-8" standalone="yes"?><rss version="2.0" xmlns:atom="http://www.w3.org/2005/Atom"><channel><title>btrfs on ilManzo's blog</title><link>https://ilmanzo.github.io/tags/btrfs/</link><description>Recent content in btrfs on ilManzo's blog</description><generator>Hugo -- gohugo.io</generator><language>en-us</language><copyright>Â© 2012-2023 Andrea Manzini</copyright><lastBuildDate>Wed, 09 Jul 2014 00:00:00 +0000</lastBuildDate><atom:link href="https://ilmanzo.github.io/tags/btrfs/index.xml" rel="self" type="application/rss+xml"/><item><title>how to setup disk redundancy with BTRFS filesystem</title><link>https://ilmanzo.github.io/post/btrfs-mirroring/</link><pubDate>Wed, 09 Jul 2014 00:00:00 +0000</pubDate><guid>https://ilmanzo.github.io/post/btrfs-mirroring/</guid><description>Starting with a plain old one-disk configuration&amp;hellip;
# df -h Filesystem Size Used Avail Use% Mounted on /dev/sda2 5.8G 590M 5.0G 11% /data thanks to the power of btrfs, let&amp;rsquo;s add a second hard disk, with mirrored data AND without unmounting/reformatting! :) also note the different size&amp;hellip;.
# fdisk -l Disk /dev/sda: 6 GiB, 6442450944 bytes, 12582912 sectors Units: sectors of 1 * 512 = 512 bytes Sector size (logical/physical): 512 bytes / 512 bytes I/O size (minimum/optimal): 512 bytes / 512 bytes Disklabel type: dos Disk identifier: 0xea97ecdc Device Boot Start End Blocks Id System /dev/sda1 2048 526335 262144 82 Linux swap / Solaris /dev/sda2 * 526336 12582911 6028288 83 Linux Disk /dev/sdb: 4 GiB, 4294967296 bytes, 8388608 sectors Units: sectors of 1 * 512 = 512 bytes Sector size (logical/physical): 512 bytes / 512 bytes I/O size (minimum/optimal): 512 bytes / 512 bytes &amp;hellip; state of the filesystem before the change&amp;hellip;</description></item></channel></rss>